// Jest Snapshot v1, https://goo.gl/fbAQLP

exports[`Render Catalog 1`] = `
<section
  className="catalog"
>
  <h2
    className="catalog__title visually-hidden"
  >
     Catalog 
  </h2>
  <ul
    className="catalog__genres-list"
  >
    <li
      className="catalog__genres-item catalog__genres-item--active"
      onClick={[Function]}
    >
      <a
        className="catalog__genres-link"
        href="#"
      >
        All genres
      </a>
    </li>
    <li
      className="catalog__genres-item "
      onClick={[Function]}
    >
      <a
        className="catalog__genres-link"
        href="#"
      >
        Comedy
      </a>
    </li>
  </ul>
</section>
`;
