// Jest Snapshot v1, https://goo.gl/fbAQLP

exports[`Render catalog card 1`] = `
<article
  className="small-movie-card catalog__movies-card"
  onMouseEnter={[Function]}
  onMouseLeave={[Function]}
>
  <a
    href="/films/1"
    onClick={[Function]}
  >
    <div
      className="small-movie-card__image"
    />
    <h3
      className="small-movie-card__title"
    >
      <span
        className="small-movie-card__link"
      >
        name
      </span>
    </h3>
  </a>
</article>
`;
