// Jest Snapshot v1, https://goo.gl/fbAQLP

exports[`error render 1`] = `
<div
  className="error-message"
>
  <h1
    className="user-page__title"
  >
    error
  </h1>
</div>
`;
