// Jest Snapshot v1, https://goo.gl/fbAQLP

exports[`Render App 1`] = `
Array [
  <section
    className="movie-card"
  >
    <div
      className="movie-card__bg"
    >
      <img
        alt="name"
        src="backgroundImage"
      />
    </div>
    <h1
      className="visually-hidden"
    >
      WTW
    </h1>
    <header
      className="page-header"
    >
      <div
        className="logo"
      >
        <a
          className="logo__link"
          href="/"
          onClick={[Function]}
        >
          <span
            className="logo__letter logo__letter--1"
          >
            W
          </span>
          <span
            className="logo__letter logo__letter--2"
          >
            T
          </span>
          <span
            className="logo__letter logo__letter--3"
          >
            W
          </span>
        </a>
      </div>
      <div
        className="user-block"
      >
        <a
          className="user-block__link"
          href="/login"
          onClick={[Function]}
        >
          Sign in
        </a>
      </div>
    </header>
    <div
      className="movie-card__wrap"
    >
      <div
        className="movie-card__info"
      >
        <div
          className="movie-card__poster"
        >
          <a
            href="/films/1"
            onClick={[Function]}
          >
            <img
              alt="The Grand Budapest Hotel poster"
              height="327"
              src="posterImage"
              width="218"
            />
          </a>
        </div>
        <div
          className="movie-card__desc"
        >
          <a
            href="/films/1"
            onClick={[Function]}
          >
            <h2
              className="movie-card__title"
            >
              name
            </h2>
          </a>
          <p
            className="movie-card__meta"
          >
            <span
              className="movie-card__genre"
            >
              genre
            </span>
            <span
              className="movie-card__year"
            >
              2020
            </span>
          </p>
          <div
            className="movie-card__buttons"
          >
            <a
              href="/player/1"
              onClick={[Function]}
            >
              <button
                className="btn btn--play movie-card__button"
                type="button"
              >
                <svg
                  height="19"
                  viewBox="0 0 19 19"
                  width="19"
                >
                  <use
                    xlinkHref="#play-s"
                  />
                </svg>
                <span>
                  Play
                </span>
              </button>
            </a>
          </div>
        </div>
      </div>
    </div>
  </section>,
  <div
    className="page-content"
  >
    <section
      className="catalog"
    >
      <h2
        className="catalog__title visually-hidden"
      >
         Catalog 
      </h2>
      <ul
        className="catalog__genres-list"
      >
        <li
          className="catalog__genres-item catalog__genres-item--active"
          onClick={[Function]}
        >
          <a
            className="catalog__genres-link"
            href="#"
          >
            All genres
          </a>
        </li>
        <li
          className="catalog__genres-item "
          onClick={[Function]}
        >
          <a
            className="catalog__genres-link"
            href="#"
          >
            Comedy
          </a>
        </li>
      </ul>
      <div
        className="catalog__movies-list"
      >
        <article
          className="small-movie-card catalog__movies-card"
          onMouseEnter={[Function]}
          onMouseLeave={[Function]}
        >
          <a
            href="/films/1"
            onClick={[Function]}
          >
            <div
              className="small-movie-card__image"
            >
              <video
                className=""
                poster="backgroundImage"
              >
                <source
                  src="previewVideoLink"
                />
              </video>
            </div>
            <h3
              className="small-movie-card__title"
            >
              <span
                className="small-movie-card__link"
              >
                name
              </span>
            </h3>
          </a>
        </article>
        <article
          className="small-movie-card catalog__movies-card"
          onMouseEnter={[Function]}
          onMouseLeave={[Function]}
        >
          <a
            href="/films/2"
            onClick={[Function]}
          >
            <div
              className="small-movie-card__image"
            >
              <video
                className=""
                poster="backgroundImage 2"
              >
                <source
                  src="previewVideoLink 2"
                />
              </video>
            </div>
            <h3
              className="small-movie-card__title"
            >
              <span
                className="small-movie-card__link"
              >
                name 2
              </span>
            </h3>
          </a>
        </article>
      </div>
    </section>
    <footer
      className="page-footer"
    >
      <div
        className="logo"
      >
        <a
          className="logo__link logo__link--light"
          href="/"
          onClick={[Function]}
        >
          <span
            className="logo__letter logo__letter--1"
          >
            W
          </span>
          <span
            className="logo__letter logo__letter--2"
          >
            T
          </span>
          <span
            className="logo__letter logo__letter--3"
          >
            W
          </span>
        </a>
      </div>
      <div
        className="copyright"
      >
        <p>
          Â© 2019 What to watch Ltd.
        </p>
      </div>
    </footer>
  </div>,
]
`;
