// Jest Snapshot v1, https://goo.gl/fbAQLP

exports[`Movie details render with AUTH status 1`] = `
Array [
  <section
    className="movie-card movie-card--full"
  >
    <div
      className="movie-card__hero"
    >
      <div
        className="movie-card__bg"
      >
        <img
          alt="givenPromoMovie name"
          src="givenPromoMovie backgroundImage"
        />
      </div>
      <h1
        className="visually-hidden"
      >
        WTW
      </h1>
      <header
        className="page-header"
      >
        <div
          className="logo"
        >
          <a
            className="logo__link"
          >
            <span
              className="logo__letter logo__letter--1"
            >
              W
            </span>
            <span
              className="logo__letter logo__letter--2"
            >
              T
            </span>
            <span
              className="logo__letter logo__letter--3"
            >
              W
            </span>
          </a>
        </div>
        <div
          className="user-block"
        >
          <div
            className="user-block__avatar"
          >
            <img
              alt="User avatar"
              height="63"
              src="avatarUrl"
              width="63"
            />
          </div>
        </div>
      </header>
      <div
        className="movie-card__wrap"
      >
        <div
          className="movie-card__desc"
        >
          <h2
            className="movie-card__title"
          >
            givenPromoMovie name
          </h2>
          <p
            className="movie-card__meta"
          >
            <span
              className="movie-card__genre"
            >
              givenPromoMovie genre
            </span>
            <span
              className="movie-card__year"
            >
              2020
            </span>
          </p>
          <div
            className="movie-card__buttons"
          >
            <button
              className="btn btn--play movie-card__button"
              onClick={[Function]}
              type="button"
            >
              <svg
                height="19"
                viewBox="0 0 19 19"
                width="19"
              >
                <use
                  xlinkHref="#play-s"
                />
              </svg>
              <span>
                Play
              </span>
            </button>
            <button
              className="btn btn--list movie-card__button"
              type="button"
            >
              <svg
                height="20"
                viewBox="0 0 19 20"
                width="19"
              >
                <use
                  xlinkHref="#add"
                />
              </svg>
              <span>
                My list
              </span>
            </button>
            <a
              className="btn movie-card__button"
              href="add-review.html"
              onClick={[Function]}
            >
              Add review
            </a>
          </div>
        </div>
      </div>
    </div>
    <div
      className="movie-card__wrap movie-card__translate-top"
    >
      <div
        className="movie-card__info"
      >
        <div
          className="movie-card__poster movie-card__poster--big"
        >
          <img
            alt="givenPromoMovie name"
            height="327"
            src="givenPromoMovie posterImage"
            width="218"
          />
        </div>
        <div
          className="movie-card__desc"
        >
          <div
            className="movie-card__text movie-card__row"
          >
            <div
              className="movie-card__text-col"
            >
              <p
                className="movie-card__details-item"
              >
                <strong
                  className="movie-card__details-name"
                >
                  Director
                </strong>
                <span
                  className="movie-card__details-value"
                >
                   givenPromoMovie director
                </span>
              </p>
              <p
                className="movie-card__details-item"
              >
                <strong
                  className="movie-card__details-name"
                >
                  Starring
                </strong>
                <span
                  className="movie-card__details-value"
                >
                   givenPromoMovie starring
                   
                  <br />
                  givenPromoMovie starring
                   
                  <br />
                </span>
              </p>
            </div>
            <div
              className="movie-card__text-col"
            >
              <p
                className="movie-card__details-item"
              >
                <strong
                  className="movie-card__details-name"
                >
                  Run Time
                </strong>
                <span
                  className="movie-card__details-value"
                >
                  113
                </span>
              </p>
              <p
                className="movie-card__details-item"
              >
                <strong
                  className="movie-card__details-name"
                >
                  Genre
                </strong>
                <span
                  className="movie-card__details-value"
                >
                  givenPromoMovie genre
                </span>
              </p>
              <p
                className="movie-card__details-item"
              >
                <strong
                  className="movie-card__details-name"
                >
                  Released
                </strong>
                <span
                  className="movie-card__details-value"
                >
                  2020
                </span>
              </p>
            </div>
          </div>
        </div>
      </div>
    </div>
  </section>,
  <div
    className="page-content"
  >
    <section
      className="catalog catalog--like-this"
    >
      <h2
        className="catalog__title"
      >
        More like this
      </h2>
    </section>
    <footer
      className="page-footer"
    >
      <div
        className="logo"
      >
        <a
          className="logo__link logo__link--light"
        >
          <span
            className="logo__letter logo__letter--1"
          >
            W
          </span>
          <span
            className="logo__letter logo__letter--2"
          >
            T
          </span>
          <span
            className="logo__letter logo__letter--3"
          >
            W
          </span>
        </a>
      </div>
      <div
        className="copyright"
      >
        <p>
          Â© 2019 What to watch Ltd.
        </p>
      </div>
    </footer>
  </div>,
]
`;

exports[`Movie details render with NO_AUTH status 1`] = `
Array [
  <section
    className="movie-card movie-card--full"
  >
    <div
      className="movie-card__hero"
    >
      <div
        className="movie-card__bg"
      >
        <img
          alt="givenPromoMovie name"
          src="givenPromoMovie backgroundImage"
        />
      </div>
      <h1
        className="visually-hidden"
      >
        WTW
      </h1>
      <header
        className="page-header"
      >
        <div
          className="logo"
        >
          <a
            className="logo__link"
          >
            <span
              className="logo__letter logo__letter--1"
            >
              W
            </span>
            <span
              className="logo__letter logo__letter--2"
            >
              T
            </span>
            <span
              className="logo__letter logo__letter--3"
            >
              W
            </span>
          </a>
        </div>
        <div
          className="user-block"
        >
          <a
            className="user-block__link"
            href="sign-in.html"
            onClick={[Function]}
          >
            Sign in
          </a>
        </div>
      </header>
      <div
        className="movie-card__wrap"
      >
        <div
          className="movie-card__desc"
        >
          <h2
            className="movie-card__title"
          >
            givenPromoMovie name
          </h2>
          <p
            className="movie-card__meta"
          >
            <span
              className="movie-card__genre"
            >
              givenPromoMovie genre
            </span>
            <span
              className="movie-card__year"
            >
              2020
            </span>
          </p>
          <div
            className="movie-card__buttons"
          >
            <button
              className="btn btn--play movie-card__button"
              onClick={[Function]}
              type="button"
            >
              <svg
                height="19"
                viewBox="0 0 19 19"
                width="19"
              >
                <use
                  xlinkHref="#play-s"
                />
              </svg>
              <span>
                Play
              </span>
            </button>
            <button
              className="btn btn--list movie-card__button"
              type="button"
            >
              <svg
                height="20"
                viewBox="0 0 19 20"
                width="19"
              >
                <use
                  xlinkHref="#add"
                />
              </svg>
              <span>
                My list
              </span>
            </button>
          </div>
        </div>
      </div>
    </div>
    <div
      className="movie-card__wrap movie-card__translate-top"
    >
      <div
        className="movie-card__info"
      >
        <div
          className="movie-card__poster movie-card__poster--big"
        >
          <img
            alt="givenPromoMovie name"
            height="327"
            src="givenPromoMovie posterImage"
            width="218"
          />
        </div>
        <div
          className="movie-card__desc"
        >
          <div
            className="movie-card__text movie-card__row"
          >
            <div
              className="movie-card__text-col"
            >
              <p
                className="movie-card__details-item"
              >
                <strong
                  className="movie-card__details-name"
                >
                  Director
                </strong>
                <span
                  className="movie-card__details-value"
                >
                   givenPromoMovie director
                </span>
              </p>
              <p
                className="movie-card__details-item"
              >
                <strong
                  className="movie-card__details-name"
                >
                  Starring
                </strong>
                <span
                  className="movie-card__details-value"
                >
                   givenPromoMovie starring
                   
                  <br />
                  givenPromoMovie starring
                   
                  <br />
                </span>
              </p>
            </div>
            <div
              className="movie-card__text-col"
            >
              <p
                className="movie-card__details-item"
              >
                <strong
                  className="movie-card__details-name"
                >
                  Run Time
                </strong>
                <span
                  className="movie-card__details-value"
                >
                  113
                </span>
              </p>
              <p
                className="movie-card__details-item"
              >
                <strong
                  className="movie-card__details-name"
                >
                  Genre
                </strong>
                <span
                  className="movie-card__details-value"
                >
                  givenPromoMovie genre
                </span>
              </p>
              <p
                className="movie-card__details-item"
              >
                <strong
                  className="movie-card__details-name"
                >
                  Released
                </strong>
                <span
                  className="movie-card__details-value"
                >
                  2020
                </span>
              </p>
            </div>
          </div>
        </div>
      </div>
    </div>
  </section>,
  <div
    className="page-content"
  >
    <section
      className="catalog catalog--like-this"
    >
      <h2
        className="catalog__title"
      >
        More like this
      </h2>
    </section>
    <footer
      className="page-footer"
    >
      <div
        className="logo"
      >
        <a
          className="logo__link logo__link--light"
        >
          <span
            className="logo__letter logo__letter--1"
          >
            W
          </span>
          <span
            className="logo__letter logo__letter--2"
          >
            T
          </span>
          <span
            className="logo__letter logo__letter--3"
          >
            W
          </span>
        </a>
      </div>
      <div
        className="copyright"
      >
        <p>
          Â© 2019 What to watch Ltd.
        </p>
      </div>
    </footer>
  </div>,
]
`;
