// Jest Snapshot v1, https://goo.gl/fbAQLP

exports[`Movie overview render 1`] = `
<div
  className="movie-card__text movie-card__row"
>
  <div
    className="movie-card__text-col"
  >
    <p
      className="movie-card__details-item"
    >
      <strong
        className="movie-card__details-name"
      >
        Director
      </strong>
      <span
        className="movie-card__details-value"
      >
         givenPromoMovie director
      </span>
    </p>
    <p
      className="movie-card__details-item"
    >
      <strong
        className="movie-card__details-name"
      >
        Starring
      </strong>
      <span
        className="movie-card__details-value"
      >
         givenPromoMovie starring
         
        <br />
        givenPromoMovie starring
         
        <br />
      </span>
    </p>
  </div>
  <div
    className="movie-card__text-col"
  >
    <p
      className="movie-card__details-item"
    >
      <strong
        className="movie-card__details-name"
      >
        Run Time
      </strong>
      <span
        className="movie-card__details-value"
      >
        113
      </span>
    </p>
    <p
      className="movie-card__details-item"
    >
      <strong
        className="movie-card__details-name"
      >
        Genre
      </strong>
      <span
        className="movie-card__details-value"
      >
        givenPromoMovie genre
      </span>
    </p>
    <p
      className="movie-card__details-item"
    >
      <strong
        className="movie-card__details-name"
      >
        Released
      </strong>
      <span
        className="movie-card__details-value"
      >
        2020
      </span>
    </p>
  </div>
</div>
`;
